// Jest Snapshot v1, https://goo.gl/fbAQLP

exports[`should correctly render login page 1`] = `
<button>
  Login
</button>
`;
